../Core/Driver/CLCD/CLCD.c:14:6:LCD_init	8	static
../Core/Driver/CLCD/CLCD.c:32:6:LCD_delay	16	static
../Core/Driver/CLCD/CLCD.c:36:6:LCD_backLightON	8	static
../Core/Driver/CLCD/CLCD.c:67:6:LCD_writeCmdData	16	static
../Core/Driver/CLCD/CLCD.c:73:6:LCD_writeCharData	16	static
../Core/Driver/CLCD/CLCD.c:79:6:LCD_writeString	24	static
../Core/Driver/CLCD/CLCD.c:88:6:LCD_gotoXY	24	static
../Core/Driver/CLCD/CLCD.c:97:6:LCD_writeStringXY	16	static
../Core/Driver/CLCD/CLCD.c:104:6:LCD_cmdMode	4	static
../Core/Driver/CLCD/CLCD.c:108:6:LCD_charMode	4	static
../Core/Driver/CLCD/CLCD.c:113:6:LCD_writeMode	4	static
../Core/Driver/CLCD/CLCD.c:119:6:LCD_sendByte	16	static
../Core/Driver/CLCD/CLCD.c:124:6:LCD_sendData	24	static
../Core/Driver/CLCD/CLCD.c:131:6:LCD_sendHighNibble	16	static
../Core/Driver/CLCD/CLCD.c:144:6:LCD_sendLowNibble	16	static
../Core/Driver/CLCD/CLCD.c:159:6:LCD_E_High	4	static
../Core/Driver/CLCD/CLCD.c:163:6:LCD_E_Low	4	static
